// Jest Snapshot v1, https://goo.gl/fbAQLP

exports[`<Comment /> Should render correctly 1`] = `
ShallowWrapper {
  Symbol(enzyme.__root__): [Circular],
  Symbol(enzyme.__unrendered__): <Comment
    commentInfo={
        Object {
            "author": "thingtwo",
            "body": "Hi there! I am a COMMENT.",
            "deleted": false,
            "id": "894tuq4ut84ut8v4t8wun89g",
            "parentDeleted": false,
            "parentId": "8xf0y6ziyjabvozdd253nd",
            "timestamp": 1468166872634,
            "voteScore": 6,
          }
    }
    onEditComment={[Function]}
    onRemoveComment={[Function]}
/>,
  Symbol(enzyme.__renderer__): Object {
    "batchedUpdates": [Function],
    "getNode": [Function],
    "render": [Function],
    "simulateError": [Function],
    "simulateEvent": [Function],
    "unmount": [Function],
  },
  Symbol(enzyme.__node__): Object {
    "instance": null,
    "key": undefined,
    "nodeType": "host",
    "props": Object {
      "children": <div
        className="card"
>
        <div
                className="card-content"
        >
                <span
                        className="card-title comment-title"
                >
                        Author: 
                        thingtwo
                </span>
                <span
                        className="card-date comment-date"
                >
                        <t
                                ago={false}
                                calendar={false}
                                decimal={false}
                                element="time"
                                filter={[Function]}
                                format="DD/MMM/YY"
                                fromNow={false}
                                interval={60000}
                                onChange={[Function]}
                                toNow={false}
                                unit={null}
                                unix={false}
                                utc={false}
                        >
                                1468166872634
                        </t>
                </span>
                <p
                        className="card-body comment-body"
                >
                        Hi there! I am a COMMENT.
                </p>
        </div>
        <div
                className="card-action comment-action"
        >
                <span
                        className="comment-action-edit"
                        onClick={[Function]}
                >
                        Edit
                </span>
                <span
                        className="comment-action-remove"
                        onClick={[Function]}
                >
                        Delete
                </span>
        </div>
        <div
                className="comment-vote-score"
        >
                <Connect(VoteScore)
                        id="894tuq4ut84ut8v4t8wun89g"
                        score={6}
                        size={12}
                        type="comment"
                />
        </div>
</div>,
    },
    "ref": null,
    "rendered": Object {
      "instance": null,
      "key": undefined,
      "nodeType": "host",
      "props": Object {
        "children": Array [
          <div
            className="card-content"
>
            <span
                        className="card-title comment-title"
            >
                        Author: 
                        thingtwo
            </span>
            <span
                        className="card-date comment-date"
            >
                        <t
                                    ago={false}
                                    calendar={false}
                                    decimal={false}
                                    element="time"
                                    filter={[Function]}
                                    format="DD/MMM/YY"
                                    fromNow={false}
                                    interval={60000}
                                    onChange={[Function]}
                                    toNow={false}
                                    unit={null}
                                    unix={false}
                                    utc={false}
                        >
                                    1468166872634
                        </t>
            </span>
            <p
                        className="card-body comment-body"
            >
                        Hi there! I am a COMMENT.
            </p>
</div>,
          <div
            className="card-action comment-action"
>
            <span
                        className="comment-action-edit"
                        onClick={[Function]}
            >
                        Edit
            </span>
            <span
                        className="comment-action-remove"
                        onClick={[Function]}
            >
                        Delete
            </span>
</div>,
          <div
            className="comment-vote-score"
>
            <Connect(VoteScore)
                        id="894tuq4ut84ut8v4t8wun89g"
                        score={6}
                        size={12}
                        type="comment"
            />
</div>,
        ],
        "className": "card",
      },
      "ref": null,
      "rendered": Array [
        Object {
          "instance": null,
          "key": undefined,
          "nodeType": "host",
          "props": Object {
            "children": Array [
              <span
                className="card-title comment-title"
>
                Author: 
                thingtwo
</span>,
              <span
                className="card-date comment-date"
>
                <t
                                ago={false}
                                calendar={false}
                                decimal={false}
                                element="time"
                                filter={[Function]}
                                format="DD/MMM/YY"
                                fromNow={false}
                                interval={60000}
                                onChange={[Function]}
                                toNow={false}
                                unit={null}
                                unix={false}
                                utc={false}
                >
                                1468166872634
                </t>
</span>,
              <p
                className="card-body comment-body"
>
                Hi there! I am a COMMENT.
</p>,
            ],
            "className": "card-content",
          },
          "ref": null,
          "rendered": Array [
            Object {
              "instance": null,
              "key": undefined,
              "nodeType": "host",
              "props": Object {
                "children": Array [
                  "Author: ",
                  "thingtwo",
                ],
                "className": "card-title comment-title",
              },
              "ref": null,
              "rendered": Array [
                "Author: ",
                "thingtwo",
              ],
              "type": "span",
            },
            Object {
              "instance": null,
              "key": undefined,
              "nodeType": "host",
              "props": Object {
                "children": <t
                  ago={false}
                  calendar={false}
                  decimal={false}
                  element="time"
                  filter={[Function]}
                  format="DD/MMM/YY"
                  fromNow={false}
                  interval={60000}
                  onChange={[Function]}
                  toNow={false}
                  unit={null}
                  unix={false}
                  utc={false}
>
                  1468166872634
</t>,
                "className": "card-date comment-date",
              },
              "ref": null,
              "rendered": Object {
                "instance": null,
                "key": undefined,
                "nodeType": "class",
                "props": Object {
                  "ago": false,
                  "calendar": false,
                  "children": 1468166872634,
                  "decimal": false,
                  "element": "time",
                  "filter": [Function],
                  "format": "DD/MMM/YY",
                  "fromNow": false,
                  "interval": 60000,
                  "onChange": [Function],
                  "toNow": false,
                  "unit": null,
                  "unix": false,
                  "utc": false,
                },
                "ref": null,
                "rendered": 1468166872634,
                "type": [Function],
              },
              "type": "span",
            },
            Object {
              "instance": null,
              "key": undefined,
              "nodeType": "host",
              "props": Object {
                "children": "Hi there! I am a COMMENT.",
                "className": "card-body comment-body",
              },
              "ref": null,
              "rendered": "Hi there! I am a COMMENT.",
              "type": "p",
            },
          ],
          "type": "div",
        },
        Object {
          "instance": null,
          "key": undefined,
          "nodeType": "host",
          "props": Object {
            "children": Array [
              <span
                className="comment-action-edit"
                onClick={[Function]}
>
                Edit
</span>,
              <span
                className="comment-action-remove"
                onClick={[Function]}
>
                Delete
</span>,
            ],
            "className": "card-action comment-action",
          },
          "ref": null,
          "rendered": Array [
            Object {
              "instance": null,
              "key": undefined,
              "nodeType": "host",
              "props": Object {
                "children": "Edit",
                "className": "comment-action-edit",
                "onClick": [Function],
              },
              "ref": null,
              "rendered": "Edit",
              "type": "span",
            },
            Object {
              "instance": null,
              "key": undefined,
              "nodeType": "host",
              "props": Object {
                "children": "Delete",
                "className": "comment-action-remove",
                "onClick": [Function],
              },
              "ref": null,
              "rendered": "Delete",
              "type": "span",
            },
          ],
          "type": "div",
        },
        Object {
          "instance": null,
          "key": undefined,
          "nodeType": "host",
          "props": Object {
            "children": <Connect(VoteScore)
              id="894tuq4ut84ut8v4t8wun89g"
              score={6}
              size={12}
              type="comment"
/>,
            "className": "comment-vote-score",
          },
          "ref": null,
          "rendered": Object {
            "instance": null,
            "key": undefined,
            "nodeType": "class",
            "props": Object {
              "id": "894tuq4ut84ut8v4t8wun89g",
              "score": 6,
              "size": 12,
              "type": "comment",
            },
            "ref": null,
            "rendered": null,
            "type": [Function],
          },
          "type": "div",
        },
      ],
      "type": "div",
    },
    "type": "li",
  },
  Symbol(enzyme.__nodes__): Array [
    Object {
      "instance": null,
      "key": undefined,
      "nodeType": "host",
      "props": Object {
        "children": <div
          className="card"
>
          <div
                    className="card-content"
          >
                    <span
                              className="card-title comment-title"
                    >
                              Author: 
                              thingtwo
                    </span>
                    <span
                              className="card-date comment-date"
                    >
                              <t
                                        ago={false}
                                        calendar={false}
                                        decimal={false}
                                        element="time"
                                        filter={[Function]}
                                        format="DD/MMM/YY"
                                        fromNow={false}
                                        interval={60000}
                                        onChange={[Function]}
                                        toNow={false}
                                        unit={null}
                                        unix={false}
                                        utc={false}
                              >
                                        1468166872634
                              </t>
                    </span>
                    <p
                              className="card-body comment-body"
                    >
                              Hi there! I am a COMMENT.
                    </p>
          </div>
          <div
                    className="card-action comment-action"
          >
                    <span
                              className="comment-action-edit"
                              onClick={[Function]}
                    >
                              Edit
                    </span>
                    <span
                              className="comment-action-remove"
                              onClick={[Function]}
                    >
                              Delete
                    </span>
          </div>
          <div
                    className="comment-vote-score"
          >
                    <Connect(VoteScore)
                              id="894tuq4ut84ut8v4t8wun89g"
                              score={6}
                              size={12}
                              type="comment"
                    />
          </div>
</div>,
      },
      "ref": null,
      "rendered": Object {
        "instance": null,
        "key": undefined,
        "nodeType": "host",
        "props": Object {
          "children": Array [
            <div
              className="card-content"
>
              <span
                            className="card-title comment-title"
              >
                            Author: 
                            thingtwo
              </span>
              <span
                            className="card-date comment-date"
              >
                            <t
                                          ago={false}
                                          calendar={false}
                                          decimal={false}
                                          element="time"
                                          filter={[Function]}
                                          format="DD/MMM/YY"
                                          fromNow={false}
                                          interval={60000}
                                          onChange={[Function]}
                                          toNow={false}
                                          unit={null}
                                          unix={false}
                                          utc={false}
                            >
                                          1468166872634
                            </t>
              </span>
              <p
                            className="card-body comment-body"
              >
                            Hi there! I am a COMMENT.
              </p>
</div>,
            <div
              className="card-action comment-action"
>
              <span
                            className="comment-action-edit"
                            onClick={[Function]}
              >
                            Edit
              </span>
              <span
                            className="comment-action-remove"
                            onClick={[Function]}
              >
                            Delete
              </span>
</div>,
            <div
              className="comment-vote-score"
>
              <Connect(VoteScore)
                            id="894tuq4ut84ut8v4t8wun89g"
                            score={6}
                            size={12}
                            type="comment"
              />
</div>,
          ],
          "className": "card",
        },
        "ref": null,
        "rendered": Array [
          Object {
            "instance": null,
            "key": undefined,
            "nodeType": "host",
            "props": Object {
              "children": Array [
                <span
                  className="card-title comment-title"
>
                  Author: 
                  thingtwo
</span>,
                <span
                  className="card-date comment-date"
>
                  <t
                                    ago={false}
                                    calendar={false}
                                    decimal={false}
                                    element="time"
                                    filter={[Function]}
                                    format="DD/MMM/YY"
                                    fromNow={false}
                                    interval={60000}
                                    onChange={[Function]}
                                    toNow={false}
                                    unit={null}
                                    unix={false}
                                    utc={false}
                  >
                                    1468166872634
                  </t>
</span>,
                <p
                  className="card-body comment-body"
>
                  Hi there! I am a COMMENT.
</p>,
              ],
              "className": "card-content",
            },
            "ref": null,
            "rendered": Array [
              Object {
                "instance": null,
                "key": undefined,
                "nodeType": "host",
                "props": Object {
                  "children": Array [
                    "Author: ",
                    "thingtwo",
                  ],
                  "className": "card-title comment-title",
                },
                "ref": null,
                "rendered": Array [
                  "Author: ",
                  "thingtwo",
                ],
                "type": "span",
              },
              Object {
                "instance": null,
                "key": undefined,
                "nodeType": "host",
                "props": Object {
                  "children": <t
                    ago={false}
                    calendar={false}
                    decimal={false}
                    element="time"
                    filter={[Function]}
                    format="DD/MMM/YY"
                    fromNow={false}
                    interval={60000}
                    onChange={[Function]}
                    toNow={false}
                    unit={null}
                    unix={false}
                    utc={false}
>
                    1468166872634
</t>,
                  "className": "card-date comment-date",
                },
                "ref": null,
                "rendered": Object {
                  "instance": null,
                  "key": undefined,
                  "nodeType": "class",
                  "props": Object {
                    "ago": false,
                    "calendar": false,
                    "children": 1468166872634,
                    "decimal": false,
                    "element": "time",
                    "filter": [Function],
                    "format": "DD/MMM/YY",
                    "fromNow": false,
                    "interval": 60000,
                    "onChange": [Function],
                    "toNow": false,
                    "unit": null,
                    "unix": false,
                    "utc": false,
                  },
                  "ref": null,
                  "rendered": 1468166872634,
                  "type": [Function],
                },
                "type": "span",
              },
              Object {
                "instance": null,
                "key": undefined,
                "nodeType": "host",
                "props": Object {
                  "children": "Hi there! I am a COMMENT.",
                  "className": "card-body comment-body",
                },
                "ref": null,
                "rendered": "Hi there! I am a COMMENT.",
                "type": "p",
              },
            ],
            "type": "div",
          },
          Object {
            "instance": null,
            "key": undefined,
            "nodeType": "host",
            "props": Object {
              "children": Array [
                <span
                  className="comment-action-edit"
                  onClick={[Function]}
>
                  Edit
</span>,
                <span
                  className="comment-action-remove"
                  onClick={[Function]}
>
                  Delete
</span>,
              ],
              "className": "card-action comment-action",
            },
            "ref": null,
            "rendered": Array [
              Object {
                "instance": null,
                "key": undefined,
                "nodeType": "host",
                "props": Object {
                  "children": "Edit",
                  "className": "comment-action-edit",
                  "onClick": [Function],
                },
                "ref": null,
                "rendered": "Edit",
                "type": "span",
              },
              Object {
                "instance": null,
                "key": undefined,
                "nodeType": "host",
                "props": Object {
                  "children": "Delete",
                  "className": "comment-action-remove",
                  "onClick": [Function],
                },
                "ref": null,
                "rendered": "Delete",
                "type": "span",
              },
            ],
            "type": "div",
          },
          Object {
            "instance": null,
            "key": undefined,
            "nodeType": "host",
            "props": Object {
              "children": <Connect(VoteScore)
                id="894tuq4ut84ut8v4t8wun89g"
                score={6}
                size={12}
                type="comment"
/>,
              "className": "comment-vote-score",
            },
            "ref": null,
            "rendered": Object {
              "instance": null,
              "key": undefined,
              "nodeType": "class",
              "props": Object {
                "id": "894tuq4ut84ut8v4t8wun89g",
                "score": 6,
                "size": 12,
                "type": "comment",
              },
              "ref": null,
              "rendered": null,
              "type": [Function],
            },
            "type": "div",
          },
        ],
        "type": "div",
      },
      "type": "li",
    },
  ],
  Symbol(enzyme.__options__): Object {
    "adapter": ReactSixteenAdapter {
      "options": Object {
        "enableComponentDidUpdateOnSetState": true,
        "lifecycles": Object {
          "componentDidUpdate": Object {
            "onSetState": true,
          },
          "getDerivedStateFromProps": true,
          "getSnapshotBeforeUpdate": true,
          "setState": Object {
            "skipsComponentDidUpdateOnNullish": true,
          },
        },
      },
    },
    "attachTo": undefined,
    "hydrateIn": undefined,
  },
}
`;
