// Jest Snapshot v1, https://goo.gl/fbAQLP

exports[`<Dynamic /> SNAPSHOT - Should render a progress bar when the posts are loading (props.loading === true) 1`] = `
<div>
  <div
    className="progress"
  >
    <div
      className="indeterminate"
    />
  </div>
</div>
`;
