// Jest Snapshot v1, https://goo.gl/fbAQLP

exports[`<TopBar /> Should render correctly 1`] = `
<div
  className="navbar-fixed"
>
  <nav>
    <div
      className="nav-wrapper cyan darken-3"
    >
      <span
        className="brand-logo"
      >
        <a
          href="/"
          onClick={[Function]}
        >
          Leituras
        </a>
      </span>
    </div>
  </nav>
</div>
`;
