// Jest Snapshot v1, https://goo.gl/fbAQLP

exports[`<CategoryPage /> Should render correctly 1`] = `
ShallowWrapper {
  Symbol(enzyme.__root__): [Circular],
  Symbol(enzyme.__unrendered__): <CategoryPage
    categories={
        Array [
            Object {
              "name": "react",
              "path": "react",
            },
            Object {
              "name": "redux",
              "path": "redux",
            },
            Object {
              "name": "udacity",
              "path": "udacity",
            },
          ]
    }
    category="react"
    fetchPosts={[Function]}
    posts={
        Array [
            Object {
              "author": "thingtwo",
              "body": "Everyone says so after all.",
              "category": "react",
              "commentCount": 2,
              "deleted": false,
              "id": "8xf0y6ziyjabvozdd253nd",
              "timestamp": 1467166872634,
              "title": "Udacity is the best place to learn React",
              "voteScore": 10,
            },
            Object {
              "author": "thingone",
              "body": "Just kidding. It takes more than 10 minutes to learn technology.",
              "category": "redux",
              "commentCount": 0,
              "deleted": false,
              "id": "6ni6ok3ym7mf1p33lnez",
              "timestamp": 1468479767190,
              "title": "Learn Redux in 10 minutes!",
              "voteScore": -5,
            },
          ]
    }
/>,
  Symbol(enzyme.__renderer__): Object {
    "batchedUpdates": [Function],
    "getNode": [Function],
    "render": [Function],
    "simulateError": [Function],
    "simulateEvent": [Function],
    "unmount": [Function],
  },
  Symbol(enzyme.__node__): Object {
    "instance": null,
    "key": undefined,
    "nodeType": "host",
    "props": Object {
      "children": Array [
        <div
          className="category-title"
>
          Category: 
          <span>
                    react
          </span>
          <Connect(OrderPosts) />
</div>,
        <div
          className="divider"
/>,
        <withRouter(Connect(PostList))
          posts={
                    Array [
                              Object {
                                "author": "thingtwo",
                                "body": "Everyone says so after all.",
                                "category": "react",
                                "commentCount": 2,
                                "deleted": false,
                                "id": "8xf0y6ziyjabvozdd253nd",
                                "timestamp": 1467166872634,
                                "title": "Udacity is the best place to learn React",
                                "voteScore": 10,
                              },
                            ]
          }
/>,
      ],
    },
    "ref": null,
    "rendered": Array [
      Object {
        "instance": null,
        "key": undefined,
        "nodeType": "host",
        "props": Object {
          "children": Array [
            "Category: ",
            <span>
              react
</span>,
            <Connect(OrderPosts) />,
          ],
          "className": "category-title",
        },
        "ref": null,
        "rendered": Array [
          "Category: ",
          Object {
            "instance": null,
            "key": undefined,
            "nodeType": "host",
            "props": Object {
              "children": "react",
            },
            "ref": null,
            "rendered": "react",
            "type": "span",
          },
          Object {
            "instance": null,
            "key": undefined,
            "nodeType": "class",
            "props": Object {},
            "ref": null,
            "rendered": null,
            "type": [Function],
          },
        ],
        "type": "div",
      },
      Object {
        "instance": null,
        "key": undefined,
        "nodeType": "host",
        "props": Object {
          "className": "divider",
        },
        "ref": null,
        "rendered": null,
        "type": "div",
      },
      Object {
        "instance": null,
        "key": undefined,
        "nodeType": "function",
        "props": Object {
          "posts": Array [
            Object {
              "author": "thingtwo",
              "body": "Everyone says so after all.",
              "category": "react",
              "commentCount": 2,
              "deleted": false,
              "id": "8xf0y6ziyjabvozdd253nd",
              "timestamp": 1467166872634,
              "title": "Udacity is the best place to learn React",
              "voteScore": 10,
            },
          ],
        },
        "ref": null,
        "rendered": null,
        "type": [Function],
      },
    ],
    "type": "div",
  },
  Symbol(enzyme.__nodes__): Array [
    Object {
      "instance": null,
      "key": undefined,
      "nodeType": "host",
      "props": Object {
        "children": Array [
          <div
            className="category-title"
>
            Category: 
            <span>
                        react
            </span>
            <Connect(OrderPosts) />
</div>,
          <div
            className="divider"
/>,
          <withRouter(Connect(PostList))
            posts={
                        Array [
                                    Object {
                                      "author": "thingtwo",
                                      "body": "Everyone says so after all.",
                                      "category": "react",
                                      "commentCount": 2,
                                      "deleted": false,
                                      "id": "8xf0y6ziyjabvozdd253nd",
                                      "timestamp": 1467166872634,
                                      "title": "Udacity is the best place to learn React",
                                      "voteScore": 10,
                                    },
                                  ]
            }
/>,
        ],
      },
      "ref": null,
      "rendered": Array [
        Object {
          "instance": null,
          "key": undefined,
          "nodeType": "host",
          "props": Object {
            "children": Array [
              "Category: ",
              <span>
                react
</span>,
              <Connect(OrderPosts) />,
            ],
            "className": "category-title",
          },
          "ref": null,
          "rendered": Array [
            "Category: ",
            Object {
              "instance": null,
              "key": undefined,
              "nodeType": "host",
              "props": Object {
                "children": "react",
              },
              "ref": null,
              "rendered": "react",
              "type": "span",
            },
            Object {
              "instance": null,
              "key": undefined,
              "nodeType": "class",
              "props": Object {},
              "ref": null,
              "rendered": null,
              "type": [Function],
            },
          ],
          "type": "div",
        },
        Object {
          "instance": null,
          "key": undefined,
          "nodeType": "host",
          "props": Object {
            "className": "divider",
          },
          "ref": null,
          "rendered": null,
          "type": "div",
        },
        Object {
          "instance": null,
          "key": undefined,
          "nodeType": "function",
          "props": Object {
            "posts": Array [
              Object {
                "author": "thingtwo",
                "body": "Everyone says so after all.",
                "category": "react",
                "commentCount": 2,
                "deleted": false,
                "id": "8xf0y6ziyjabvozdd253nd",
                "timestamp": 1467166872634,
                "title": "Udacity is the best place to learn React",
                "voteScore": 10,
              },
            ],
          },
          "ref": null,
          "rendered": null,
          "type": [Function],
        },
      ],
      "type": "div",
    },
  ],
  Symbol(enzyme.__options__): Object {
    "adapter": ReactSixteenAdapter {
      "options": Object {
        "enableComponentDidUpdateOnSetState": true,
        "lifecycles": Object {
          "componentDidUpdate": Object {
            "onSetState": true,
          },
          "getDerivedStateFromProps": true,
          "getSnapshotBeforeUpdate": true,
          "setState": Object {
            "skipsComponentDidUpdateOnNullish": true,
          },
        },
      },
    },
    "attachTo": undefined,
    "hydrateIn": undefined,
  },
}
`;
