// Jest Snapshot v1, https://goo.gl/fbAQLP

exports[`<EditCommentForm /> Should render correctly 1`] = `
ShallowWrapper {
  Symbol(enzyme.__root__): [Circular],
  Symbol(enzyme.__unrendered__): <EditCommentForm
    closeModal={[Function]}
    commentBody="Edited comment body"
    commentId="894tuq4ut84ut8v4t8wun89g"
    fetchEditComment={[Function]}
/>,
  Symbol(enzyme.__renderer__): Object {
    "batchedUpdates": [Function],
    "getNode": [Function],
    "render": [Function],
    "simulateError": [Function],
    "simulateEvent": [Function],
    "unmount": [Function],
  },
  Symbol(enzyme.__node__): Object {
    "instance": null,
    "key": undefined,
    "nodeType": "host",
    "props": Object {
      "children": Array [
        <div
          className="modal-content"
>
          <h4>
                    Edit comment
          </h4>
          <form
                    className="col s12"
          >
                    <div
                              className="row form-row"
                    >
                              <div
                                        className="input-field col s12"
                              >
                                        <textarea
                                                  className="materialize-textarea"
                                                  onChange={[Function]}
                                                  placeholder="Type some text"
                                                  type="text"
                                                  value="Edited comment body"
                                        />
                                        <label>
                                                  Comment Body
                                        </label>
                              </div>
                    </div>
          </form>
</div>,
        <div
          className="modal-footer"
>
          <button
                    className="btn white-text cyan darken-4 btn-flat"
                    onClick={[Function]}
          >
                    Edit Comment
          </button>
</div>,
      ],
    },
    "ref": null,
    "rendered": Array [
      Object {
        "instance": null,
        "key": undefined,
        "nodeType": "host",
        "props": Object {
          "children": Array [
            <h4>
              Edit comment
</h4>,
            <form
              className="col s12"
>
              <div
                            className="row form-row"
              >
                            <div
                                          className="input-field col s12"
                            >
                                          <textarea
                                                        className="materialize-textarea"
                                                        onChange={[Function]}
                                                        placeholder="Type some text"
                                                        type="text"
                                                        value="Edited comment body"
                                          />
                                          <label>
                                                        Comment Body
                                          </label>
                            </div>
              </div>
</form>,
          ],
          "className": "modal-content",
        },
        "ref": null,
        "rendered": Array [
          Object {
            "instance": null,
            "key": undefined,
            "nodeType": "host",
            "props": Object {
              "children": "Edit comment",
            },
            "ref": null,
            "rendered": "Edit comment",
            "type": "h4",
          },
          Object {
            "instance": null,
            "key": undefined,
            "nodeType": "host",
            "props": Object {
              "children": <div
                className="row form-row"
>
                <div
                                className="input-field col s12"
                >
                                <textarea
                                                className="materialize-textarea"
                                                onChange={[Function]}
                                                placeholder="Type some text"
                                                type="text"
                                                value="Edited comment body"
                                />
                                <label>
                                                Comment Body
                                </label>
                </div>
</div>,
              "className": "col s12",
            },
            "ref": null,
            "rendered": Object {
              "instance": null,
              "key": undefined,
              "nodeType": "host",
              "props": Object {
                "children": <div
                  className="input-field col s12"
>
                  <textarea
                                    className="materialize-textarea"
                                    onChange={[Function]}
                                    placeholder="Type some text"
                                    type="text"
                                    value="Edited comment body"
                  />
                  <label>
                                    Comment Body
                  </label>
</div>,
                "className": "row form-row",
              },
              "ref": null,
              "rendered": Object {
                "instance": null,
                "key": undefined,
                "nodeType": "host",
                "props": Object {
                  "children": Array [
                    <textarea
                      className="materialize-textarea"
                      onChange={[Function]}
                      placeholder="Type some text"
                      type="text"
                      value="Edited comment body"
/>,
                    <label>
                      Comment Body
</label>,
                  ],
                  "className": "input-field col s12",
                },
                "ref": null,
                "rendered": Array [
                  Object {
                    "instance": null,
                    "key": undefined,
                    "nodeType": "host",
                    "props": Object {
                      "className": "materialize-textarea",
                      "onChange": [Function],
                      "placeholder": "Type some text",
                      "type": "text",
                      "value": "Edited comment body",
                    },
                    "ref": null,
                    "rendered": null,
                    "type": "textarea",
                  },
                  Object {
                    "instance": null,
                    "key": undefined,
                    "nodeType": "host",
                    "props": Object {
                      "children": "Comment Body",
                    },
                    "ref": null,
                    "rendered": "Comment Body",
                    "type": "label",
                  },
                ],
                "type": "div",
              },
              "type": "div",
            },
            "type": "form",
          },
        ],
        "type": "div",
      },
      Object {
        "instance": null,
        "key": undefined,
        "nodeType": "host",
        "props": Object {
          "children": <button
            className="btn white-text cyan darken-4 btn-flat"
            onClick={[Function]}
>
            Edit Comment
</button>,
          "className": "modal-footer",
        },
        "ref": null,
        "rendered": Object {
          "instance": null,
          "key": undefined,
          "nodeType": "host",
          "props": Object {
            "children": "Edit Comment",
            "className": "btn white-text cyan darken-4 btn-flat",
            "onClick": [Function],
          },
          "ref": null,
          "rendered": "Edit Comment",
          "type": "button",
        },
        "type": "div",
      },
    ],
    "type": "div",
  },
  Symbol(enzyme.__nodes__): Array [
    Object {
      "instance": null,
      "key": undefined,
      "nodeType": "host",
      "props": Object {
        "children": Array [
          <div
            className="modal-content"
>
            <h4>
                        Edit comment
            </h4>
            <form
                        className="col s12"
            >
                        <div
                                    className="row form-row"
                        >
                                    <div
                                                className="input-field col s12"
                                    >
                                                <textarea
                                                            className="materialize-textarea"
                                                            onChange={[Function]}
                                                            placeholder="Type some text"
                                                            type="text"
                                                            value="Edited comment body"
                                                />
                                                <label>
                                                            Comment Body
                                                </label>
                                    </div>
                        </div>
            </form>
</div>,
          <div
            className="modal-footer"
>
            <button
                        className="btn white-text cyan darken-4 btn-flat"
                        onClick={[Function]}
            >
                        Edit Comment
            </button>
</div>,
        ],
      },
      "ref": null,
      "rendered": Array [
        Object {
          "instance": null,
          "key": undefined,
          "nodeType": "host",
          "props": Object {
            "children": Array [
              <h4>
                Edit comment
</h4>,
              <form
                className="col s12"
>
                <div
                                className="row form-row"
                >
                                <div
                                                className="input-field col s12"
                                >
                                                <textarea
                                                                className="materialize-textarea"
                                                                onChange={[Function]}
                                                                placeholder="Type some text"
                                                                type="text"
                                                                value="Edited comment body"
                                                />
                                                <label>
                                                                Comment Body
                                                </label>
                                </div>
                </div>
</form>,
            ],
            "className": "modal-content",
          },
          "ref": null,
          "rendered": Array [
            Object {
              "instance": null,
              "key": undefined,
              "nodeType": "host",
              "props": Object {
                "children": "Edit comment",
              },
              "ref": null,
              "rendered": "Edit comment",
              "type": "h4",
            },
            Object {
              "instance": null,
              "key": undefined,
              "nodeType": "host",
              "props": Object {
                "children": <div
                  className="row form-row"
>
                  <div
                                    className="input-field col s12"
                  >
                                    <textarea
                                                      className="materialize-textarea"
                                                      onChange={[Function]}
                                                      placeholder="Type some text"
                                                      type="text"
                                                      value="Edited comment body"
                                    />
                                    <label>
                                                      Comment Body
                                    </label>
                  </div>
</div>,
                "className": "col s12",
              },
              "ref": null,
              "rendered": Object {
                "instance": null,
                "key": undefined,
                "nodeType": "host",
                "props": Object {
                  "children": <div
                    className="input-field col s12"
>
                    <textarea
                                        className="materialize-textarea"
                                        onChange={[Function]}
                                        placeholder="Type some text"
                                        type="text"
                                        value="Edited comment body"
                    />
                    <label>
                                        Comment Body
                    </label>
</div>,
                  "className": "row form-row",
                },
                "ref": null,
                "rendered": Object {
                  "instance": null,
                  "key": undefined,
                  "nodeType": "host",
                  "props": Object {
                    "children": Array [
                      <textarea
                        className="materialize-textarea"
                        onChange={[Function]}
                        placeholder="Type some text"
                        type="text"
                        value="Edited comment body"
/>,
                      <label>
                        Comment Body
</label>,
                    ],
                    "className": "input-field col s12",
                  },
                  "ref": null,
                  "rendered": Array [
                    Object {
                      "instance": null,
                      "key": undefined,
                      "nodeType": "host",
                      "props": Object {
                        "className": "materialize-textarea",
                        "onChange": [Function],
                        "placeholder": "Type some text",
                        "type": "text",
                        "value": "Edited comment body",
                      },
                      "ref": null,
                      "rendered": null,
                      "type": "textarea",
                    },
                    Object {
                      "instance": null,
                      "key": undefined,
                      "nodeType": "host",
                      "props": Object {
                        "children": "Comment Body",
                      },
                      "ref": null,
                      "rendered": "Comment Body",
                      "type": "label",
                    },
                  ],
                  "type": "div",
                },
                "type": "div",
              },
              "type": "form",
            },
          ],
          "type": "div",
        },
        Object {
          "instance": null,
          "key": undefined,
          "nodeType": "host",
          "props": Object {
            "children": <button
              className="btn white-text cyan darken-4 btn-flat"
              onClick={[Function]}
>
              Edit Comment
</button>,
            "className": "modal-footer",
          },
          "ref": null,
          "rendered": Object {
            "instance": null,
            "key": undefined,
            "nodeType": "host",
            "props": Object {
              "children": "Edit Comment",
              "className": "btn white-text cyan darken-4 btn-flat",
              "onClick": [Function],
            },
            "ref": null,
            "rendered": "Edit Comment",
            "type": "button",
          },
          "type": "div",
        },
      ],
      "type": "div",
    },
  ],
  Symbol(enzyme.__options__): Object {
    "adapter": ReactSixteenAdapter {
      "options": Object {
        "enableComponentDidUpdateOnSetState": true,
        "lifecycles": Object {
          "componentDidUpdate": Object {
            "onSetState": true,
          },
          "getDerivedStateFromProps": true,
          "getSnapshotBeforeUpdate": true,
          "setState": Object {
            "skipsComponentDidUpdateOnNullish": true,
          },
        },
      },
    },
    "attachTo": undefined,
    "hydrateIn": undefined,
  },
}
`;
