// Jest Snapshot v1, https://goo.gl/fbAQLP

exports[`<EditPostForm /> Should render correctly 1`] = `
ShallowWrapper {
  Symbol(enzyme.__root__): [Circular],
  Symbol(enzyme.__unrendered__): <EditPostForm
    defaultBody="Edited post body"
    defaultTitle="Edited post title"
    fetchEditPost={[Function]}
    id="8xf0y6ziyjabvozdd253nd"
/>,
  Symbol(enzyme.__renderer__): Object {
    "batchedUpdates": [Function],
    "getNode": [Function],
    "render": [Function],
    "simulateError": [Function],
    "simulateEvent": [Function],
    "unmount": [Function],
  },
  Symbol(enzyme.__node__): Object {
    "instance": null,
    "key": undefined,
    "nodeType": "host",
    "props": Object {
      "children": Array [
        <form
          className="col s12"
>
          <div
                    className="row form-row"
          >
                    <div
                              className="input-field col s12"
                    >
                              <input
                                        onChange={[Function]}
                                        placeholder="This is an example title"
                                        type="text"
                                        value="Edited post title"
                              />
                              <label>
                                        Post Title
                              </label>
                    </div>
                    <div
                              className="input-field col s12"
                    >
                              <textarea
                                        className="materialize-textarea"
                                        onChange={[Function]}
                                        placeholder="Type some text"
                                        type="text"
                                        value="Edited post body"
                              />
                              <label>
                                        Body
                              </label>
                    </div>
          </div>
</form>,
        <button
          className="btn white-text cyan darken-4 btn-flat btn-small right"
          onClick={[Function]}
>
          Edit Post
</button>,
      ],
      "className": "edit-form",
    },
    "ref": null,
    "rendered": Array [
      Object {
        "instance": null,
        "key": undefined,
        "nodeType": "host",
        "props": Object {
          "children": <div
            className="row form-row"
>
            <div
                        className="input-field col s12"
            >
                        <input
                                    onChange={[Function]}
                                    placeholder="This is an example title"
                                    type="text"
                                    value="Edited post title"
                        />
                        <label>
                                    Post Title
                        </label>
            </div>
            <div
                        className="input-field col s12"
            >
                        <textarea
                                    className="materialize-textarea"
                                    onChange={[Function]}
                                    placeholder="Type some text"
                                    type="text"
                                    value="Edited post body"
                        />
                        <label>
                                    Body
                        </label>
            </div>
</div>,
          "className": "col s12",
        },
        "ref": null,
        "rendered": Object {
          "instance": null,
          "key": undefined,
          "nodeType": "host",
          "props": Object {
            "children": Array [
              <div
                className="input-field col s12"
>
                <input
                                onChange={[Function]}
                                placeholder="This is an example title"
                                type="text"
                                value="Edited post title"
                />
                <label>
                                Post Title
                </label>
</div>,
              <div
                className="input-field col s12"
>
                <textarea
                                className="materialize-textarea"
                                onChange={[Function]}
                                placeholder="Type some text"
                                type="text"
                                value="Edited post body"
                />
                <label>
                                Body
                </label>
</div>,
            ],
            "className": "row form-row",
          },
          "ref": null,
          "rendered": Array [
            Object {
              "instance": null,
              "key": undefined,
              "nodeType": "host",
              "props": Object {
                "children": Array [
                  <input
                    onChange={[Function]}
                    placeholder="This is an example title"
                    type="text"
                    value="Edited post title"
/>,
                  <label>
                    Post Title
</label>,
                ],
                "className": "input-field col s12",
              },
              "ref": null,
              "rendered": Array [
                Object {
                  "instance": null,
                  "key": undefined,
                  "nodeType": "host",
                  "props": Object {
                    "onChange": [Function],
                    "placeholder": "This is an example title",
                    "type": "text",
                    "value": "Edited post title",
                  },
                  "ref": null,
                  "rendered": null,
                  "type": "input",
                },
                Object {
                  "instance": null,
                  "key": undefined,
                  "nodeType": "host",
                  "props": Object {
                    "children": "Post Title",
                  },
                  "ref": null,
                  "rendered": "Post Title",
                  "type": "label",
                },
              ],
              "type": "div",
            },
            Object {
              "instance": null,
              "key": undefined,
              "nodeType": "host",
              "props": Object {
                "children": Array [
                  <textarea
                    className="materialize-textarea"
                    onChange={[Function]}
                    placeholder="Type some text"
                    type="text"
                    value="Edited post body"
/>,
                  <label>
                    Body
</label>,
                ],
                "className": "input-field col s12",
              },
              "ref": null,
              "rendered": Array [
                Object {
                  "instance": null,
                  "key": undefined,
                  "nodeType": "host",
                  "props": Object {
                    "className": "materialize-textarea",
                    "onChange": [Function],
                    "placeholder": "Type some text",
                    "type": "text",
                    "value": "Edited post body",
                  },
                  "ref": null,
                  "rendered": null,
                  "type": "textarea",
                },
                Object {
                  "instance": null,
                  "key": undefined,
                  "nodeType": "host",
                  "props": Object {
                    "children": "Body",
                  },
                  "ref": null,
                  "rendered": "Body",
                  "type": "label",
                },
              ],
              "type": "div",
            },
          ],
          "type": "div",
        },
        "type": "form",
      },
      Object {
        "instance": null,
        "key": undefined,
        "nodeType": "host",
        "props": Object {
          "children": "Edit Post",
          "className": "btn white-text cyan darken-4 btn-flat btn-small right",
          "onClick": [Function],
        },
        "ref": null,
        "rendered": "Edit Post",
        "type": "button",
      },
    ],
    "type": "div",
  },
  Symbol(enzyme.__nodes__): Array [
    Object {
      "instance": null,
      "key": undefined,
      "nodeType": "host",
      "props": Object {
        "children": Array [
          <form
            className="col s12"
>
            <div
                        className="row form-row"
            >
                        <div
                                    className="input-field col s12"
                        >
                                    <input
                                                onChange={[Function]}
                                                placeholder="This is an example title"
                                                type="text"
                                                value="Edited post title"
                                    />
                                    <label>
                                                Post Title
                                    </label>
                        </div>
                        <div
                                    className="input-field col s12"
                        >
                                    <textarea
                                                className="materialize-textarea"
                                                onChange={[Function]}
                                                placeholder="Type some text"
                                                type="text"
                                                value="Edited post body"
                                    />
                                    <label>
                                                Body
                                    </label>
                        </div>
            </div>
</form>,
          <button
            className="btn white-text cyan darken-4 btn-flat btn-small right"
            onClick={[Function]}
>
            Edit Post
</button>,
        ],
        "className": "edit-form",
      },
      "ref": null,
      "rendered": Array [
        Object {
          "instance": null,
          "key": undefined,
          "nodeType": "host",
          "props": Object {
            "children": <div
              className="row form-row"
>
              <div
                            className="input-field col s12"
              >
                            <input
                                          onChange={[Function]}
                                          placeholder="This is an example title"
                                          type="text"
                                          value="Edited post title"
                            />
                            <label>
                                          Post Title
                            </label>
              </div>
              <div
                            className="input-field col s12"
              >
                            <textarea
                                          className="materialize-textarea"
                                          onChange={[Function]}
                                          placeholder="Type some text"
                                          type="text"
                                          value="Edited post body"
                            />
                            <label>
                                          Body
                            </label>
              </div>
</div>,
            "className": "col s12",
          },
          "ref": null,
          "rendered": Object {
            "instance": null,
            "key": undefined,
            "nodeType": "host",
            "props": Object {
              "children": Array [
                <div
                  className="input-field col s12"
>
                  <input
                                    onChange={[Function]}
                                    placeholder="This is an example title"
                                    type="text"
                                    value="Edited post title"
                  />
                  <label>
                                    Post Title
                  </label>
</div>,
                <div
                  className="input-field col s12"
>
                  <textarea
                                    className="materialize-textarea"
                                    onChange={[Function]}
                                    placeholder="Type some text"
                                    type="text"
                                    value="Edited post body"
                  />
                  <label>
                                    Body
                  </label>
</div>,
              ],
              "className": "row form-row",
            },
            "ref": null,
            "rendered": Array [
              Object {
                "instance": null,
                "key": undefined,
                "nodeType": "host",
                "props": Object {
                  "children": Array [
                    <input
                      onChange={[Function]}
                      placeholder="This is an example title"
                      type="text"
                      value="Edited post title"
/>,
                    <label>
                      Post Title
</label>,
                  ],
                  "className": "input-field col s12",
                },
                "ref": null,
                "rendered": Array [
                  Object {
                    "instance": null,
                    "key": undefined,
                    "nodeType": "host",
                    "props": Object {
                      "onChange": [Function],
                      "placeholder": "This is an example title",
                      "type": "text",
                      "value": "Edited post title",
                    },
                    "ref": null,
                    "rendered": null,
                    "type": "input",
                  },
                  Object {
                    "instance": null,
                    "key": undefined,
                    "nodeType": "host",
                    "props": Object {
                      "children": "Post Title",
                    },
                    "ref": null,
                    "rendered": "Post Title",
                    "type": "label",
                  },
                ],
                "type": "div",
              },
              Object {
                "instance": null,
                "key": undefined,
                "nodeType": "host",
                "props": Object {
                  "children": Array [
                    <textarea
                      className="materialize-textarea"
                      onChange={[Function]}
                      placeholder="Type some text"
                      type="text"
                      value="Edited post body"
/>,
                    <label>
                      Body
</label>,
                  ],
                  "className": "input-field col s12",
                },
                "ref": null,
                "rendered": Array [
                  Object {
                    "instance": null,
                    "key": undefined,
                    "nodeType": "host",
                    "props": Object {
                      "className": "materialize-textarea",
                      "onChange": [Function],
                      "placeholder": "Type some text",
                      "type": "text",
                      "value": "Edited post body",
                    },
                    "ref": null,
                    "rendered": null,
                    "type": "textarea",
                  },
                  Object {
                    "instance": null,
                    "key": undefined,
                    "nodeType": "host",
                    "props": Object {
                      "children": "Body",
                    },
                    "ref": null,
                    "rendered": "Body",
                    "type": "label",
                  },
                ],
                "type": "div",
              },
            ],
            "type": "div",
          },
          "type": "form",
        },
        Object {
          "instance": null,
          "key": undefined,
          "nodeType": "host",
          "props": Object {
            "children": "Edit Post",
            "className": "btn white-text cyan darken-4 btn-flat btn-small right",
            "onClick": [Function],
          },
          "ref": null,
          "rendered": "Edit Post",
          "type": "button",
        },
      ],
      "type": "div",
    },
  ],
  Symbol(enzyme.__options__): Object {
    "adapter": ReactSixteenAdapter {
      "options": Object {
        "enableComponentDidUpdateOnSetState": true,
        "lifecycles": Object {
          "componentDidUpdate": Object {
            "onSetState": true,
          },
          "getDerivedStateFromProps": true,
          "getSnapshotBeforeUpdate": true,
          "setState": Object {
            "skipsComponentDidUpdateOnNullish": true,
          },
        },
      },
    },
    "attachTo": undefined,
    "hydrateIn": undefined,
  },
}
`;
