// Jest Snapshot v1, https://goo.gl/fbAQLP

exports[`<AddCommentButton /> Should render correctly 1`] = `
ShallowWrapper {
  Symbol(enzyme.__root__): [Circular],
  Symbol(enzyme.__unrendered__): <AddCommentButton
    parentId="8xf0y6ziyjabvozdd253nd"
/>,
  Symbol(enzyme.__renderer__): Object {
    "batchedUpdates": [Function],
    "getNode": [Function],
    "render": [Function],
    "simulateError": [Function],
    "simulateEvent": [Function],
    "unmount": [Function],
  },
  Symbol(enzyme.__node__): Object {
    "instance": null,
    "key": undefined,
    "nodeType": "host",
    "props": Object {
      "children": Array [
        <button
          className="btn-flat blue-grey lighten-5 add-comment-btn"
          onClick={[Function]}
>
          Add nem Comment
</button>,
        <AddCommentModal
          modalOpen=""
          onCloseModal={[Function]}
          parentId="8xf0y6ziyjabvozdd253nd"
/>,
      ],
    },
    "ref": null,
    "rendered": Array [
      Object {
        "instance": null,
        "key": undefined,
        "nodeType": "host",
        "props": Object {
          "children": "Add nem Comment",
          "className": "btn-flat blue-grey lighten-5 add-comment-btn",
          "onClick": [Function],
        },
        "ref": null,
        "rendered": "Add nem Comment",
        "type": "button",
      },
      Object {
        "instance": null,
        "key": undefined,
        "nodeType": "function",
        "props": Object {
          "modalOpen": "",
          "onCloseModal": [Function],
          "parentId": "8xf0y6ziyjabvozdd253nd",
        },
        "ref": null,
        "rendered": null,
        "type": [Function],
      },
    ],
    "type": "div",
  },
  Symbol(enzyme.__nodes__): Array [
    Object {
      "instance": null,
      "key": undefined,
      "nodeType": "host",
      "props": Object {
        "children": Array [
          <button
            className="btn-flat blue-grey lighten-5 add-comment-btn"
            onClick={[Function]}
>
            Add nem Comment
</button>,
          <AddCommentModal
            modalOpen=""
            onCloseModal={[Function]}
            parentId="8xf0y6ziyjabvozdd253nd"
/>,
        ],
      },
      "ref": null,
      "rendered": Array [
        Object {
          "instance": null,
          "key": undefined,
          "nodeType": "host",
          "props": Object {
            "children": "Add nem Comment",
            "className": "btn-flat blue-grey lighten-5 add-comment-btn",
            "onClick": [Function],
          },
          "ref": null,
          "rendered": "Add nem Comment",
          "type": "button",
        },
        Object {
          "instance": null,
          "key": undefined,
          "nodeType": "function",
          "props": Object {
            "modalOpen": "",
            "onCloseModal": [Function],
            "parentId": "8xf0y6ziyjabvozdd253nd",
          },
          "ref": null,
          "rendered": null,
          "type": [Function],
        },
      ],
      "type": "div",
    },
  ],
  Symbol(enzyme.__options__): Object {
    "adapter": ReactSixteenAdapter {
      "options": Object {
        "enableComponentDidUpdateOnSetState": true,
        "lifecycles": Object {
          "componentDidUpdate": Object {
            "onSetState": true,
          },
          "getDerivedStateFromProps": true,
          "getSnapshotBeforeUpdate": true,
          "setState": Object {
            "skipsComponentDidUpdateOnNullish": true,
          },
        },
      },
    },
    "attachTo": undefined,
    "hydrateIn": undefined,
  },
}
`;
