// Jest Snapshot v1, https://goo.gl/fbAQLP

exports[`<AddCommentForm /> Should render correctly 1`] = `
ShallowWrapper {
  Symbol(enzyme.__root__): [Circular],
  Symbol(enzyme.__unrendered__): <AddCommentForm
    closeModal={[Function]}
    fetchAddComment={[Function]}
    parentId="8xf0y6ziyjabvozdd253nd"
/>,
  Symbol(enzyme.__renderer__): Object {
    "batchedUpdates": [Function],
    "getNode": [Function],
    "render": [Function],
    "simulateError": [Function],
    "simulateEvent": [Function],
    "unmount": [Function],
  },
  Symbol(enzyme.__node__): Object {
    "instance": null,
    "key": undefined,
    "nodeType": "host",
    "props": Object {
      "children": Array [
        <div
          className="modal-content"
>
          <h4>
                    Add new comment
          </h4>
          <form
                    className="col s12"
          >
                    <div
                              className="row form-row"
                    >
                              <div
                                        className="input-field col s12 "
                              >
                                        <input
                                                  onChange={[Function]}
                                                  placeholder="Author's name"
                                                  type="text"
                                                  value=""
                                        />
                                        <label>
                                                  Comment Author
                                        </label>
                              </div>
                              <div
                                        className="input-field col s12"
                              >
                                        <textarea
                                                  className="materialize-textarea"
                                                  onChange={[Function]}
                                                  placeholder="Type some text"
                                                  type="text"
                                                  value=""
                                        />
                                        <label>
                                                  Comment Body
                                        </label>
                              </div>
                    </div>
          </form>
</div>,
        <div
          className="modal-footer"
>
          <button
                    className="red-text text-darken-2 btn-flat addCommentButton btn-reset-comment"
                    onClick={[Function]}
          >
                    Reset form
          </button>
          <button
                    className="btn white-text cyan darken-4 btn-flat addCommentButton btn-add-comment"
                    onClick={[Function]}
          >
                    Add Comment
          </button>
</div>,
      ],
    },
    "ref": null,
    "rendered": Array [
      Object {
        "instance": null,
        "key": undefined,
        "nodeType": "host",
        "props": Object {
          "children": Array [
            <h4>
              Add new comment
</h4>,
            <form
              className="col s12"
>
              <div
                            className="row form-row"
              >
                            <div
                                          className="input-field col s12 "
                            >
                                          <input
                                                        onChange={[Function]}
                                                        placeholder="Author's name"
                                                        type="text"
                                                        value=""
                                          />
                                          <label>
                                                        Comment Author
                                          </label>
                            </div>
                            <div
                                          className="input-field col s12"
                            >
                                          <textarea
                                                        className="materialize-textarea"
                                                        onChange={[Function]}
                                                        placeholder="Type some text"
                                                        type="text"
                                                        value=""
                                          />
                                          <label>
                                                        Comment Body
                                          </label>
                            </div>
              </div>
</form>,
          ],
          "className": "modal-content",
        },
        "ref": null,
        "rendered": Array [
          Object {
            "instance": null,
            "key": undefined,
            "nodeType": "host",
            "props": Object {
              "children": "Add new comment",
            },
            "ref": null,
            "rendered": "Add new comment",
            "type": "h4",
          },
          Object {
            "instance": null,
            "key": undefined,
            "nodeType": "host",
            "props": Object {
              "children": <div
                className="row form-row"
>
                <div
                                className="input-field col s12 "
                >
                                <input
                                                onChange={[Function]}
                                                placeholder="Author's name"
                                                type="text"
                                                value=""
                                />
                                <label>
                                                Comment Author
                                </label>
                </div>
                <div
                                className="input-field col s12"
                >
                                <textarea
                                                className="materialize-textarea"
                                                onChange={[Function]}
                                                placeholder="Type some text"
                                                type="text"
                                                value=""
                                />
                                <label>
                                                Comment Body
                                </label>
                </div>
</div>,
              "className": "col s12",
            },
            "ref": null,
            "rendered": Object {
              "instance": null,
              "key": undefined,
              "nodeType": "host",
              "props": Object {
                "children": Array [
                  <div
                    className="input-field col s12 "
>
                    <input
                                        onChange={[Function]}
                                        placeholder="Author's name"
                                        type="text"
                                        value=""
                    />
                    <label>
                                        Comment Author
                    </label>
</div>,
                  <div
                    className="input-field col s12"
>
                    <textarea
                                        className="materialize-textarea"
                                        onChange={[Function]}
                                        placeholder="Type some text"
                                        type="text"
                                        value=""
                    />
                    <label>
                                        Comment Body
                    </label>
</div>,
                ],
                "className": "row form-row",
              },
              "ref": null,
              "rendered": Array [
                Object {
                  "instance": null,
                  "key": undefined,
                  "nodeType": "host",
                  "props": Object {
                    "children": Array [
                      <input
                        onChange={[Function]}
                        placeholder="Author's name"
                        type="text"
                        value=""
/>,
                      <label>
                        Comment Author
</label>,
                    ],
                    "className": "input-field col s12 ",
                  },
                  "ref": null,
                  "rendered": Array [
                    Object {
                      "instance": null,
                      "key": undefined,
                      "nodeType": "host",
                      "props": Object {
                        "onChange": [Function],
                        "placeholder": "Author's name",
                        "type": "text",
                        "value": "",
                      },
                      "ref": null,
                      "rendered": null,
                      "type": "input",
                    },
                    Object {
                      "instance": null,
                      "key": undefined,
                      "nodeType": "host",
                      "props": Object {
                        "children": "Comment Author",
                      },
                      "ref": null,
                      "rendered": "Comment Author",
                      "type": "label",
                    },
                  ],
                  "type": "div",
                },
                Object {
                  "instance": null,
                  "key": undefined,
                  "nodeType": "host",
                  "props": Object {
                    "children": Array [
                      <textarea
                        className="materialize-textarea"
                        onChange={[Function]}
                        placeholder="Type some text"
                        type="text"
                        value=""
/>,
                      <label>
                        Comment Body
</label>,
                    ],
                    "className": "input-field col s12",
                  },
                  "ref": null,
                  "rendered": Array [
                    Object {
                      "instance": null,
                      "key": undefined,
                      "nodeType": "host",
                      "props": Object {
                        "className": "materialize-textarea",
                        "onChange": [Function],
                        "placeholder": "Type some text",
                        "type": "text",
                        "value": "",
                      },
                      "ref": null,
                      "rendered": null,
                      "type": "textarea",
                    },
                    Object {
                      "instance": null,
                      "key": undefined,
                      "nodeType": "host",
                      "props": Object {
                        "children": "Comment Body",
                      },
                      "ref": null,
                      "rendered": "Comment Body",
                      "type": "label",
                    },
                  ],
                  "type": "div",
                },
              ],
              "type": "div",
            },
            "type": "form",
          },
        ],
        "type": "div",
      },
      Object {
        "instance": null,
        "key": undefined,
        "nodeType": "host",
        "props": Object {
          "children": Array [
            <button
              className="red-text text-darken-2 btn-flat addCommentButton btn-reset-comment"
              onClick={[Function]}
>
              Reset form
</button>,
            <button
              className="btn white-text cyan darken-4 btn-flat addCommentButton btn-add-comment"
              onClick={[Function]}
>
              Add Comment
</button>,
          ],
          "className": "modal-footer",
        },
        "ref": null,
        "rendered": Array [
          Object {
            "instance": null,
            "key": undefined,
            "nodeType": "host",
            "props": Object {
              "children": "Reset form",
              "className": "red-text text-darken-2 btn-flat addCommentButton btn-reset-comment",
              "onClick": [Function],
            },
            "ref": null,
            "rendered": "Reset form",
            "type": "button",
          },
          Object {
            "instance": null,
            "key": undefined,
            "nodeType": "host",
            "props": Object {
              "children": "Add Comment",
              "className": "btn white-text cyan darken-4 btn-flat addCommentButton btn-add-comment",
              "onClick": [Function],
            },
            "ref": null,
            "rendered": "Add Comment",
            "type": "button",
          },
        ],
        "type": "div",
      },
    ],
    "type": "div",
  },
  Symbol(enzyme.__nodes__): Array [
    Object {
      "instance": null,
      "key": undefined,
      "nodeType": "host",
      "props": Object {
        "children": Array [
          <div
            className="modal-content"
>
            <h4>
                        Add new comment
            </h4>
            <form
                        className="col s12"
            >
                        <div
                                    className="row form-row"
                        >
                                    <div
                                                className="input-field col s12 "
                                    >
                                                <input
                                                            onChange={[Function]}
                                                            placeholder="Author's name"
                                                            type="text"
                                                            value=""
                                                />
                                                <label>
                                                            Comment Author
                                                </label>
                                    </div>
                                    <div
                                                className="input-field col s12"
                                    >
                                                <textarea
                                                            className="materialize-textarea"
                                                            onChange={[Function]}
                                                            placeholder="Type some text"
                                                            type="text"
                                                            value=""
                                                />
                                                <label>
                                                            Comment Body
                                                </label>
                                    </div>
                        </div>
            </form>
</div>,
          <div
            className="modal-footer"
>
            <button
                        className="red-text text-darken-2 btn-flat addCommentButton btn-reset-comment"
                        onClick={[Function]}
            >
                        Reset form
            </button>
            <button
                        className="btn white-text cyan darken-4 btn-flat addCommentButton btn-add-comment"
                        onClick={[Function]}
            >
                        Add Comment
            </button>
</div>,
        ],
      },
      "ref": null,
      "rendered": Array [
        Object {
          "instance": null,
          "key": undefined,
          "nodeType": "host",
          "props": Object {
            "children": Array [
              <h4>
                Add new comment
</h4>,
              <form
                className="col s12"
>
                <div
                                className="row form-row"
                >
                                <div
                                                className="input-field col s12 "
                                >
                                                <input
                                                                onChange={[Function]}
                                                                placeholder="Author's name"
                                                                type="text"
                                                                value=""
                                                />
                                                <label>
                                                                Comment Author
                                                </label>
                                </div>
                                <div
                                                className="input-field col s12"
                                >
                                                <textarea
                                                                className="materialize-textarea"
                                                                onChange={[Function]}
                                                                placeholder="Type some text"
                                                                type="text"
                                                                value=""
                                                />
                                                <label>
                                                                Comment Body
                                                </label>
                                </div>
                </div>
</form>,
            ],
            "className": "modal-content",
          },
          "ref": null,
          "rendered": Array [
            Object {
              "instance": null,
              "key": undefined,
              "nodeType": "host",
              "props": Object {
                "children": "Add new comment",
              },
              "ref": null,
              "rendered": "Add new comment",
              "type": "h4",
            },
            Object {
              "instance": null,
              "key": undefined,
              "nodeType": "host",
              "props": Object {
                "children": <div
                  className="row form-row"
>
                  <div
                                    className="input-field col s12 "
                  >
                                    <input
                                                      onChange={[Function]}
                                                      placeholder="Author's name"
                                                      type="text"
                                                      value=""
                                    />
                                    <label>
                                                      Comment Author
                                    </label>
                  </div>
                  <div
                                    className="input-field col s12"
                  >
                                    <textarea
                                                      className="materialize-textarea"
                                                      onChange={[Function]}
                                                      placeholder="Type some text"
                                                      type="text"
                                                      value=""
                                    />
                                    <label>
                                                      Comment Body
                                    </label>
                  </div>
</div>,
                "className": "col s12",
              },
              "ref": null,
              "rendered": Object {
                "instance": null,
                "key": undefined,
                "nodeType": "host",
                "props": Object {
                  "children": Array [
                    <div
                      className="input-field col s12 "
>
                      <input
                                            onChange={[Function]}
                                            placeholder="Author's name"
                                            type="text"
                                            value=""
                      />
                      <label>
                                            Comment Author
                      </label>
</div>,
                    <div
                      className="input-field col s12"
>
                      <textarea
                                            className="materialize-textarea"
                                            onChange={[Function]}
                                            placeholder="Type some text"
                                            type="text"
                                            value=""
                      />
                      <label>
                                            Comment Body
                      </label>
</div>,
                  ],
                  "className": "row form-row",
                },
                "ref": null,
                "rendered": Array [
                  Object {
                    "instance": null,
                    "key": undefined,
                    "nodeType": "host",
                    "props": Object {
                      "children": Array [
                        <input
                          onChange={[Function]}
                          placeholder="Author's name"
                          type="text"
                          value=""
/>,
                        <label>
                          Comment Author
</label>,
                      ],
                      "className": "input-field col s12 ",
                    },
                    "ref": null,
                    "rendered": Array [
                      Object {
                        "instance": null,
                        "key": undefined,
                        "nodeType": "host",
                        "props": Object {
                          "onChange": [Function],
                          "placeholder": "Author's name",
                          "type": "text",
                          "value": "",
                        },
                        "ref": null,
                        "rendered": null,
                        "type": "input",
                      },
                      Object {
                        "instance": null,
                        "key": undefined,
                        "nodeType": "host",
                        "props": Object {
                          "children": "Comment Author",
                        },
                        "ref": null,
                        "rendered": "Comment Author",
                        "type": "label",
                      },
                    ],
                    "type": "div",
                  },
                  Object {
                    "instance": null,
                    "key": undefined,
                    "nodeType": "host",
                    "props": Object {
                      "children": Array [
                        <textarea
                          className="materialize-textarea"
                          onChange={[Function]}
                          placeholder="Type some text"
                          type="text"
                          value=""
/>,
                        <label>
                          Comment Body
</label>,
                      ],
                      "className": "input-field col s12",
                    },
                    "ref": null,
                    "rendered": Array [
                      Object {
                        "instance": null,
                        "key": undefined,
                        "nodeType": "host",
                        "props": Object {
                          "className": "materialize-textarea",
                          "onChange": [Function],
                          "placeholder": "Type some text",
                          "type": "text",
                          "value": "",
                        },
                        "ref": null,
                        "rendered": null,
                        "type": "textarea",
                      },
                      Object {
                        "instance": null,
                        "key": undefined,
                        "nodeType": "host",
                        "props": Object {
                          "children": "Comment Body",
                        },
                        "ref": null,
                        "rendered": "Comment Body",
                        "type": "label",
                      },
                    ],
                    "type": "div",
                  },
                ],
                "type": "div",
              },
              "type": "form",
            },
          ],
          "type": "div",
        },
        Object {
          "instance": null,
          "key": undefined,
          "nodeType": "host",
          "props": Object {
            "children": Array [
              <button
                className="red-text text-darken-2 btn-flat addCommentButton btn-reset-comment"
                onClick={[Function]}
>
                Reset form
</button>,
              <button
                className="btn white-text cyan darken-4 btn-flat addCommentButton btn-add-comment"
                onClick={[Function]}
>
                Add Comment
</button>,
            ],
            "className": "modal-footer",
          },
          "ref": null,
          "rendered": Array [
            Object {
              "instance": null,
              "key": undefined,
              "nodeType": "host",
              "props": Object {
                "children": "Reset form",
                "className": "red-text text-darken-2 btn-flat addCommentButton btn-reset-comment",
                "onClick": [Function],
              },
              "ref": null,
              "rendered": "Reset form",
              "type": "button",
            },
            Object {
              "instance": null,
              "key": undefined,
              "nodeType": "host",
              "props": Object {
                "children": "Add Comment",
                "className": "btn white-text cyan darken-4 btn-flat addCommentButton btn-add-comment",
                "onClick": [Function],
              },
              "ref": null,
              "rendered": "Add Comment",
              "type": "button",
            },
          ],
          "type": "div",
        },
      ],
      "type": "div",
    },
  ],
  Symbol(enzyme.__options__): Object {
    "adapter": ReactSixteenAdapter {
      "options": Object {
        "enableComponentDidUpdateOnSetState": true,
        "lifecycles": Object {
          "componentDidUpdate": Object {
            "onSetState": true,
          },
          "getDerivedStateFromProps": true,
          "getSnapshotBeforeUpdate": true,
          "setState": Object {
            "skipsComponentDidUpdateOnNullish": true,
          },
        },
      },
    },
    "attachTo": undefined,
    "hydrateIn": undefined,
  },
}
`;
